[themes.muffingroup.com/be/farm2/index.html]
[www.google-analytics.com/analytics.js]
[backblue.gif]
[fade.gif]
[index.html]
[themes.muffingroup.com/be/farm2/wp-content/themes/betheme/images/favicon.ico]
[themes.muffingroup.com/be/farm2/wp-content/cache/minify/fe9c8.css]
[themes.muffingroup.com/be/farm2/feed/index.html]
[themes.muffingroup.com/be/farm2/comments/feed/index.html]
[themes.muffingroup.com/be/farm2/home/feed/index.html]
[themes.muffingroup.com/be/farm2/wp-content/cache/minify/77b70.css]
[themes.muffingroup.com/be/farm2/wp-content/uploads/2020/12/farm2-bg.png]
[themes.muffingroup.com/be/farm2/wp-content/cache/minify/6bd12.css]
[themes.muffingroup.com/be/farm2/wp-content/cache/minify/8b407.js]
[themes.muffingroup.com/be/farm2/wp-json/wp/v2/pages/2.json]
[themes.muffingroup.com/be/farm2/xmlrpc0db0.php]
[themes.muffingroup.com/be/farm2/wp-json/index.html]
[themes.muffingroup.com/be/farm2/wp-includes/wlwmanifest.xml]
[themes.muffingroup.com/be/farm2/wp-json/oembed/1.0/embedb63d.json]
[themes.muffingroup.com/be/farm2/wp-json/oembed/1.0/embed01b4]
[themes.muffingroup.com/be/farm2/wp-content/uploads/2020/12/logo.png]
[themes.muffingroup.com/be/farm2/wp-content/uploads/2020/12/farm2-slider-bg.jpg]
[themes.muffingroup.com/be/farm2/wp-content/uploads/2020/12/farm2-sectionbg1.png]
[themes.muffingroup.com/be/farm2/products/index.html]
[themes.muffingroup.com/be/farm2/wp-content/uploads/2020/12/farm2-products-pic1.png]
[themes.muffingroup.com/be/farm2/our-story/index.html]
[themes.muffingroup.com/be/farm2/about-us/index.html]
[themes.muffingroup.com/be/farm2/contact/index.html]
[themes.muffingroup.com/be/farm2/wp-content/uploads/2020/12/farm2-products-pic2.png]
[themes.muffingroup.com/be/farm2/wp-content/uploads/2020/12/farm2-products-pic3.png]
[themes.muffingroup.com/be/farm2/wp-content/uploads/2020/12/farm2-products-pic4.png]
[themes.muffingroup.com/be/farm2/wp-content/uploads/2020/12/farm2-columnbg1.png]
[themes.muffingroup.com/be/farm2/wp-content/uploads/2020/12/farm2-home-pic2.jpg]
[themes.muffingroup.com/be/farm2/wp-content/uploads/2020/12/farm2-home-pic4.jpg]
[themes.muffingroup.com/be/farm2/wp-content/uploads/2020/12/farm2-home-pic5.jpg]
[themes.muffingroup.com/be/farm2/wp-content/uploads/2020/12/farm2-home-pic3.jpg]
[themes.muffingroup.com/be/farm2/wp-content/uploads/2020/12/farm2-home-pic1.png]
[themes.muffingroup.com/be/farm2/wp-content/uploads/2020/12/farm2-home-icon1.png]
[themes.muffingroup.com/be/farm2/wp-content/uploads/2020/12/farm2-home-icon2.png]
[themes.muffingroup.com/be/farm2/wp-content/uploads/2020/12/farm2-home-icon3.png]
[themes.muffingroup.com/be/farm2/wp-content/uploads/2020/12/farm2-home-icon4.png]
[themes.muffingroup.com/be/farm2/wp-content/uploads/2020/12/farm2-home-icon5.png]
[themes.muffingroup.com/be/farm2/wp-content/uploads/2020/12/farm2-home-icon6.png]
[themes.muffingroup.com/be/farm2/wp-content/uploads/2020/12/farm2-sectionbg2.png]
[themes.muffingroup.com/be/farm2/wp-content/uploads/2020/12/farm2-wrapbg1.jpg]
[themes.muffingroup.com/be/farm2/wp-content/uploads/2020/12/farm2-footer-pic1.png]
[themes.muffingroup.com/be/farm2/wp-content/cache/minify/9b74e.js]
[themes.muffingroup.com/be/farm2/index.html]
[themes.muffingroup.com/be/farm2/wp-content/cache/minify/223b8.js]
[themes.muffingroup.com/be/farm2/wp-content/plugins/revslider/public/assets/fonts/revicons/revicons90c6.eot]
[themes.muffingroup.com/be/farm2/wp-content/plugins/revslider/public/assets/fonts/revicons/revicons90c6.woff]
[themes.muffingroup.com/be/farm2/wp-content/plugins/revslider/public/assets/fonts/revicons/revicons90c6.ttf]
[themes.muffingroup.com/be/farm2/wp-content/plugins/revslider/public/assets/fonts/revicons/revicons90c6.svg]
[themes.muffingroup.com/be/farm2/wp-content/plugins/revslider/public/assets/assets/gridtile.png]
[themes.muffingroup.com/be/farm2/wp-content/plugins/revslider/public/assets/assets/gridtile_white.png]
[themes.muffingroup.com/be/farm2/wp-content/plugins/revslider/public/assets/assets/gridtile_3x3.png]
[themes.muffingroup.com/be/farm2/wp-content/plugins/revslider/public/assets/assets/gridtile_3x3_white.png]
[themes.muffingroup.com/be/farm2/wp-content/plugins/revslider/public/assets/assets/coloredbg.png]
[themes.muffingroup.com/be/farm2/wp-content/plugins/revslider/public/assets/assets/loader.gif]
[themes.muffingroup.com/be/farm2/wp-content/cache/minify/fe9c8.css]
[themes.muffingroup.com/be/farm2/wp-content/themes/betheme/fonts/mfn/icons4cdc.eot]
[themes.muffingroup.com/be/farm2/wp-content/themes/betheme/fonts/mfn/icons4cdc.woff]
[themes.muffingroup.com/be/farm2/wp-content/themes/betheme/fonts/mfn/icons4cdc.ttf]
[themes.muffingroup.com/be/farm2/wp-content/themes/betheme/fonts/mfn/icons4cdc.svg]
[themes.muffingroup.com/be/farm2/wp-content/themes/betheme/images/stripes/stripes_5_b.png]
[themes.muffingroup.com/be/farm2/wp-content/themes/betheme/images/stripes/stripes_3_b.png]
[themes.muffingroup.com/be/farm2/wp-content/themes/betheme/images/preloader.gif]
[themes.muffingroup.com/be/farm2/wp-content/themes/betheme/images/box_shadow.png]
[themes.muffingroup.com/be/farm2/wp-content/themes/betheme/images/blog_masonry_tile_gradient.png]
[themes.muffingroup.com/be/farm2/wp-content/themes/betheme/images/timeline_right.png]
[themes.muffingroup.com/be/farm2/wp-content/themes/betheme/images/recent_comments.png]
[themes.muffingroup.com/be/farm2/wp-content/themes/betheme/images/stripes/stripes_10_w.png]
[themes.muffingroup.com/be/farm2/wp-content/themes/betheme/images/videomask.png]
[themes.muffingroup.com/be/farm2/wp-content/themes/betheme/images/stripes/textline_dark.png]
[themes.muffingroup.com/be/farm2/wp-content/themes/betheme/images/fancy_heading_hr_dark.png]
[themes.muffingroup.com/be/farm2/wp-content/themes/betheme/images/stripes/textline.png]
[themes.muffingroup.com/be/farm2/wp-content/themes/betheme/images/stripes/stripes_10_b.png]
[themes.muffingroup.com/be/farm2/wp-content/themes/betheme/images/timeline_top.png]
[themes.muffingroup.com/be/farm2/wp-content/themes/betheme/images/timeline_left.png]
[themes.muffingroup.com/be/farm2/wp-content/themes/betheme/images/fancy_heading_hr.png]
[themes.muffingroup.com/be/farm2/wp-content/themes/betheme/images/bg_panel.png]
[themes.muffingroup.com/be/farm2/wp-content/themes/betheme/fonts/fontawesome/fa-brands-400.eot]
[themes.muffingroup.com/be/farm2/wp-content/themes/betheme/fonts/fontawesome/fa-brands-400d41d.eot]
[themes.muffingroup.com/be/farm2/wp-content/themes/betheme/fonts/fontawesome/fa-brands-400.woff2]
[themes.muffingroup.com/be/farm2/wp-content/themes/betheme/fonts/fontawesome/fa-brands-400.woff]
[themes.muffingroup.com/be/farm2/wp-content/themes/betheme/fonts/fontawesome/fa-brands-400.ttf]
[themes.muffingroup.com/be/farm2/wp-content/themes/betheme/fonts/fontawesome/fa-brands-400.svg]
[themes.muffingroup.com/be/farm2/wp-content/themes/betheme/fonts/fontawesome/fa-regular-400.eot]
[themes.muffingroup.com/be/farm2/wp-content/themes/betheme/fonts/fontawesome/fa-regular-400d41d.eot]
[themes.muffingroup.com/be/farm2/wp-content/themes/betheme/fonts/fontawesome/fa-regular-400.woff2]
[themes.muffingroup.com/be/farm2/wp-content/themes/betheme/fonts/fontawesome/fa-regular-400.woff]
[themes.muffingroup.com/be/farm2/wp-content/themes/betheme/fonts/fontawesome/fa-regular-400.ttf]
[themes.muffingroup.com/be/farm2/wp-content/themes/betheme/fonts/fontawesome/fa-regular-400.svg]
[themes.muffingroup.com/be/farm2/wp-content/themes/betheme/fonts/fontawesome/fa-solid-900.eot]
[themes.muffingroup.com/be/farm2/wp-content/themes/betheme/fonts/fontawesome/fa-solid-900d41d.eot]
[themes.muffingroup.com/be/farm2/wp-content/themes/betheme/fonts/fontawesome/fa-solid-900.woff2]
[themes.muffingroup.com/be/farm2/wp-content/themes/betheme/fonts/fontawesome/fa-solid-900.woff]
[themes.muffingroup.com/be/farm2/wp-content/themes/betheme/fonts/fontawesome/fa-solid-900.ttf]
[themes.muffingroup.com/be/farm2/wp-content/themes/betheme/fonts/fontawesome/fa-solid-900.svg]
[themes.muffingroup.com/be/farm2/wp-content/themes/betheme/assets/jplayer/css/jplayer.png]
[themes.muffingroup.com/be/farm2/wp-content/themes/betheme/assets/jplayer/css/jplayer.blue.monday.jpg]
[themes.muffingroup.com/be/farm2/wp-content/themes/betheme/assets/jplayer/css/jplayer.blue.monday.seeking.gif]
[themes.muffingroup.com/be/farm2/wp-content/cache/minify/77b70.css]
[muffingroup.com/themeforest_images/betheme/demo/assets/header.png]
[themes.muffingroup.com/be/farm2/wp-content/cache/minify/6bd12.css]
[themes.muffingroup.com/be/farm2/images/transparent.png]
[themes.muffingroup.com/be/farm2/assets/transparent.png]
[themes.muffingroup.com/be/farm2/wp-content/cache/minify/8b407.js]
[player.vimeo.com/api/player.js]
[themes.muffingroup.com/be/farm2/wp-includes/css/dist/block-library/style.min.css]
[themes.muffingroup.com/be/farm2/wp-content/plugins/revslider/public/assets/css/rs6.css]
[themes.muffingroup.com/be/farm2/wp-content/themes/betheme/css/be.css]
[themes.muffingroup.com/be/farm2/wp-content/themes/betheme/assets/animations/animations.min.css]
[themes.muffingroup.com/be/farm2/wp-content/themes/betheme/fonts/fontawesome/fontawesome.css]
[themes.muffingroup.com/be/farm2/wp-content/themes/betheme/assets/jplayer/css/jplayer.blue.monday.css]
[themes.muffingroup.com/be/farm2/wp-content/themes/betheme/css/responsive.css]
[themes.muffingroup.com/be/farm2/wp-content/plugins/be-demo/css/style.css]
[themes.muffingroup.com/be/farm2/wp-includes/js/jquery/jquery.min.js]
[themes.muffingroup.com/be/farm2/wp-includes/js/jquery/jquery-migrate.min.js]
[themes.muffingroup.com/be/farm2/wp-content/plugins/revslider/public/assets/js/rbtools.min.js]
[themes.muffingroup.com/be/farm2/wp-content/plugins/revslider/public/assets/js/rs6.min.js]
[themes.muffingroup.com/be/farm2/wp-json/wp/v2/pages/10.json]
[themes.muffingroup.com/be/farm2/wp-json/oembed/1.0/embedd64a.json]
[themes.muffingroup.com/be/farm2/wp-json/oembed/1.0/embed91d8]
[themes.muffingroup.com/be/farm2/wp-content/uploads/2020/12/farm2-sectionbg3.png]
[themes.muffingroup.com/be/farm2/wp-content/uploads/2020/12/farm2-products-icon1.png]
[themes.muffingroup.com/be/farm2/wp-content/uploads/2020/12/farm2-products-icon2.png]
[themes.muffingroup.com/be/farm2/wp-content/uploads/2020/12/farm2-products-icon3.png]
[themes.muffingroup.com/be/farm2/wp-content/uploads/2020/12/farm2-sep1.png]
[themes.muffingroup.com/be/farm2/wp-includes/js/jquery/ui/core.min.js]
[themes.muffingroup.com/be/farm2/wp-includes/js/jquery/ui/tabs.min.js]
[themes.muffingroup.com/be/farm2/wp-content/themes/betheme/js/plugins.js]
[themes.muffingroup.com/be/farm2/wp-content/themes/betheme/js/menu.js]
[themes.muffingroup.com/be/farm2/wp-content/themes/betheme/assets/animations/animations.min.js]
[themes.muffingroup.com/be/farm2/wp-content/themes/betheme/assets/jplayer/jplayer.min.js]
[themes.muffingroup.com/be/farm2/wp-content/themes/betheme/js/parallax/translate3d.js]
[themes.muffingroup.com/be/farm2/wp-content/themes/betheme/js/scripts.js]
[themes.muffingroup.com/be/farm2/wp-content/plugins/be-demo/js/scripts.js]
[themes.muffingroup.com/be/farm2/wp-includes/js/wp-embed.min.js]
[themes.muffingroup.com/be/farm2/products/index.html]
[themes.muffingroup.com/be/farm2/wp-json/wp/v2/pages/12.json]
[themes.muffingroup.com/be/farm2/wp-json/oembed/1.0/embed2be5.json]
[themes.muffingroup.com/be/farm2/wp-json/oembed/1.0/embedb7f4]
[themes.muffingroup.com/be/farm2/wp-content/uploads/2020/12/farm2-story-pic1.jpg]
[themes.muffingroup.com/be/farm2/wp-content/uploads/2020/12/farm2-sep2.png]
[themes.muffingroup.com/be/farm2/wp-content/uploads/2020/12/farm2-sectionbg4.png]
[themes.muffingroup.com/be/farm2/wp-content/uploads/2020/12/farm2-story-pic2.jpg]
[themes.muffingroup.com/be/farm2/our-story/index.html]
[themes.muffingroup.com/be/farm2/wp-json/wp/v2/pages/14.json]
[themes.muffingroup.com/be/farm2/wp-json/oembed/1.0/embed0050.json]
[themes.muffingroup.com/be/farm2/wp-json/oembed/1.0/embedb318]
[themes.muffingroup.com/be/farm2/wp-content/uploads/2020/12/farm2-about-pic1.jpg]
[themes.muffingroup.com/be/farm2/wp-content/uploads/2020/12/farm2-about-pic2.png]
[themes.muffingroup.com/be/farm2/wp-content/uploads/2020/12/farm2-about-pic3.png]
[themes.muffingroup.com/be/farm2/wp-content/uploads/2020/12/farm2-about-pic4.png]
[themes.muffingroup.com/be/farm2/about-us/index.html]
[themes.muffingroup.com/be/farm2/wp-json/wp/v2/pages/16.json]
[themes.muffingroup.com/be/farm2/wp-json/oembed/1.0/embedfdd2.json]
[themes.muffingroup.com/be/farm2/wp-json/oembed/1.0/embed4578]
[themes.muffingroup.com/be/farm2/wp-content/uploads/2020/12/farm2-contact-icon1.png]
[themes.muffingroup.com/be/farm2/wp-content/uploads/2020/12/farm2-contact-icon2.png]
[themes.muffingroup.com/be/farm2/wp-content/uploads/2020/12/farm2-contact-icon3.png]
[themes.muffingroup.com/be/farm2/contact/index.html]
[themes.muffingroup.com/be/farm2/wp-content/cache/minify/9b74e.js]
[themes.muffingroup.com/be/farm2/wp-content/cache/minify/223b8.js]
[themes.muffingroup.com/be/farm2/wp-content/plugins/revslider/public/assets/fonts/revicons/revicons90c6.svg]
[themes.muffingroup.com/be/farm2/wp-content/plugins/revslider/public/assets/css/openhand.html]
[themes.muffingroup.com/be/farm2/wp-content/plugins/revslider/public/assets/css/closedhand.html]
[themes.muffingroup.com/cdn-cgi/scripts/5c5dd728/cloudflare-static/email-decode.min.js]
[themes.muffingroup.com/be/farm2/wp-content/themes/betheme/fonts/mfn/icons4cdc.svg]
[themes.muffingroup.com/be/farm2/wp-content/themes/betheme/fonts/fontawesome/fa-brands-400.svg]
[themes.muffingroup.com/be/farm2/wp-content/themes/betheme/fonts/fontawesome/fa-regular-400.svg]
[themes.muffingroup.com/be/farm2/wp-content/themes/betheme/fonts/fontawesome/fa-solid-900.svg]
[themes.muffingroup.com/be/farm2/images/transparent.html]
[themes.muffingroup.com/be/farm2/assets/transparent.html]
[themes.muffingroup.com/be/farm2/origin=https_/index.html]
[themes.muffingroup.com/be/farm2/wp-includes/css/dist/block-library/style.min.css]
[themes.muffingroup.com/be/farm2/wp-content/plugins/revslider/public/assets/css/rs6.css]
[themes.muffingroup.com/be/farm2/wp-content/themes/betheme/css/be.css]
[themes.muffingroup.com/be/farm2/wp-content/themes/betheme/assets/animations/animations.min.css]
[themes.muffingroup.com/be/farm2/wp-content/themes/betheme/fonts/fontawesome/fontawesome.css]
[themes.muffingroup.com/be/farm2/wp-content/themes/betheme/assets/jplayer/css/jplayer.blue.monday.css]
[themes.muffingroup.com/be/farm2/wp-content/themes/betheme/css/responsive.css]
[themes.muffingroup.com/be/farm2/wp-content/plugins/be-demo/css/style.css]
[themes.muffingroup.com/be/farm2/wp-includes/js/jquery/jquery.min.js]
[themes.muffingroup.com/be/farm2/wp-includes/js/jquery/jquery-migrate.min.js]
[themes.muffingroup.com/be/farm2/wp-content/plugins/revslider/public/assets/js/rbtools.min.js]
[themes.muffingroup.com/be/farm2/products/images/transparent.png]
[themes.muffingroup.com/be/farm2/products/assets/transparent.png]
[themes.muffingroup.com/be/farm2/wp-content/plugins/revslider/public/assets/js/rs6.min.js]
[themes.muffingroup.com/be/farm2/index64b4.html]
[themes.muffingroup.com/be/farm2/wp-includes/js/jquery/ui/core.min.js]
[themes.muffingroup.com/be/farm2/wp-includes/js/jquery/ui/tabs.min.js]
[themes.muffingroup.com/be/farm2/wp-content/themes/betheme/js/plugins.js]
[themes.muffingroup.com/be/farm2/wp-content/themes/betheme/js/menu.js]
[themes.muffingroup.com/be/farm2/wp-content/themes/betheme/assets/animations/animations.min.js]
[themes.muffingroup.com/be/farm2/wp-content/themes/betheme/assets/jplayer/jplayer.min.js]
[themes.muffingroup.com/be/farm2/wp-content/themes/betheme/js/parallax/translate3d.js]
[themes.muffingroup.com/be/farm2/wp-content/themes/betheme/js/scripts.js]
[themes.muffingroup.com/be/farm2/wp-content/plugins/be-demo/js/scripts.js]
[themes.muffingroup.com/be/farm2/wp-includes/js/wp-embed.min.js]
[themes.muffingroup.com/be/farm2/index678b.html]
[themes.muffingroup.com/be/farm2/index0b69.html]
[themes.muffingroup.com/be/farm2/index0e62.html]
[themes.muffingroup.com/be/farm2/products/images/transparent.html]
[themes.muffingroup.com/be/farm2/products/assets/transparent.html]
[themes.muffingroup.com/be/farm2/products/origin=https_/index.html]
